[backblue.gif]
[fade.gif]
[index.html]
[kengodwinstudio.com/images/Untitled-11.jpg]
[kengodwinstudio.com/images/Untitled3.jpg]
[kengodwinstudio.com/NEW_PICS_2006/thumb01.jpg]
[kengodwinstudio.com/images/home/full01.jpg]
[kengodwinstudio.com/images/home/full02.jpg]
[kengodwinstudio.com/images/home/full03.jpg]
[kengodwinstudio.com/images/home/full04.jpg]
[kengodwinstudio.com/images/home/full05.jpg]
[kengodwinstudio.com/images/toptitle.jpg]
[kengodwinstudio.com/images/home/Meagan_&_darryl_web_photo[1].jpg]
[kengodwinstudio.com/images/testimony.gif]
[kengodwinstudio.com/navimages/weddings2.png]
[kengodwinstudio.com/navimages/weddings1.png]
[kengodwinstudio.com/navimages/family2.png]
[kengodwinstudio.com/navimages/family1.png]
[kengodwinstudio.com/navimages/corporate2.png]
[kengodwinstudio.com/navimages/corporate1.png]
[kengodwinstudio.com/navimages/testimonials2.png]
[kengodwinstudio.com/navimages/testimonials1.png]
[kengodwinstudio.com/images/home/view-event.jpg]
[kengodwinstudio.com/images/homelogo.png]
[kengodwinstudio.com/images/spacer.gif]
[kengodwinstudio.com/images/home/thumb01.jpg]
[kengodwinstudio.com/images/home/thumb02.jpg]
[kengodwinstudio.com/images/home/thumb03.jpg]
[kengodwinstudio.com/images/home/thumb04.jpg]
[kengodwinstudio.com/images/home/thumb05.jpg]
[kengodwinstudio.com/images/ppa-sm.gif]
[kengodwinstudio.com/index.html]
[kengodwinstudio.com/images/testimonials.jpg]
[kengodwinstudio.com/images/weblogo2.png]
[kengodwinstudio.com/navimages/home2.png]
[kengodwinstudio.com/navimages/home1.png]
[kengodwinstudio.com/testimonials.html]
[kengodwinstudio.com/images/weddings-new.jpg]
[kengodwinstudio.com/images/deer_creek.jpg]
[kengodwinstudio.com/images/club_continental.jpg]
[kengodwinstudio.com/images/video-clips.jpg]
[www.collages.net/store/demobutton.jpg]
[kengodwinstudio.com/wedding.html]
[kengodwinstudio.com/images/family-new.jpg]
[kengodwinstudio.com/family.html]
[kengodwinstudio.com/images/corporate-new.jpg]
[kengodwinstudio.com/specialevents.html]
[kengodwinstudio.com/index-2.html]
[kengodwinstudio.com/1.html]
[kengodwinstudio.com/2.html]
[kengodwinstudio.com/3.html]
[kengodwinstudio.com/stylesheet.css]
